2026-07-25 13:46:22,743 | POST /login -> 200 in 189.9 ms
2026-07-25 13:46:23,208 | POST /login -> 401 in 189.8 ms
2026-07-25 13:46:23,454 | POST /login -> 401 in 2.0 ms
2026-07-25 13:46:23,494 | POST /login -> 400 in 0.2 ms
2026-07-25 13:46:23,533 | POST /login -> 400 in 0.6 ms
2026-07-25 13:46:23,970 | POST /login -> 403 in 186.7 ms
2026-07-25 13:46:24,013 | GET /api/transactions -> 401 in 0.3 ms
2026-07-25 13:46:24,051 | GET /api/transactions -> 422 in 0.4 ms
2026-07-25 13:46:24,506 | POST /login -> 200 in 209.2 ms
2026-07-25 13:46:24,514 | GET /api/transactions -> 200 in 7.3 ms
2026-07-25 13:46:24,948 | POST /login -> 200 in 187.8 ms
2026-07-25 13:46:25,403 | POST /login -> 200 in 193.0 ms
2026-07-25 13:46:25,409 | PUT /api/fraud/1/valider -> 200 in 5.5 ms
2026-07-25 13:46:25,411 | GET /api/transactions/1 -> 200 in 1.0 ms
2026-07-25 13:46:25,848 | POST /login -> 200 in 194.3 ms
2026-07-25 13:46:25,856 | PUT /api/fraud/1/rejeter -> 200 in 6.6 ms
2026-07-25 13:46:25,858 | GET /api/transactions/1 -> 200 in 1.1 ms
2026-07-25 13:46:26,294 | POST /login -> 200 in 190.5 ms
2026-07-25 13:46:26,297 | PUT /api/fraud/1/bloquer -> 400 in 1.6 ms
2026-07-25 13:46:26,765 | POST /login -> 200 in 190.5 ms
2026-07-25 13:46:26,771 | PUT /api/fraud/1/valider -> 200 in 4.5 ms
2026-07-25 13:46:26,776 | PUT /api/fraud/1/bloquer -> 200 in 4.4 ms
2026-07-25 13:46:27,201 | POST /login -> 200 in 187.2 ms
2026-07-25 13:46:27,204 | PUT /api/fraud/1/reclassifier -> 400 in 1.8 ms
2026-07-25 13:46:27,632 | POST /login -> 200 in 188.4 ms
2026-07-25 13:46:27,637 | PUT /api/fraud/1/rejeter -> 200 in 4.1 ms
2026-07-25 13:46:27,641 | PUT /api/fraud/1/reclassifier -> 200 in 2.8 ms
2026-07-25 13:46:27,643 | GET /api/fraud/1 -> 200 in 0.9 ms
2026-07-25 13:46:28,080 | POST /login -> 200 in 192.7 ms
2026-07-25 13:46:28,083 | GET /api/fraud/999999 -> 404 in 1.8 ms
2026-07-25 13:46:28,518 | POST /login -> 200 in 195.6 ms
2026-07-25 13:46:28,524 | PUT /api/fraud/1/rejeter -> 200 in 4.8 ms
2026-07-25 13:46:28,526 | GET /api/fraud/pending -> 200 in 1.9 ms
2026-07-25 13:46:28,890 | POST /login -> 401 in 2.5 ms
2026-07-25 13:46:29,130 | POST /api/reset-password -> 401 in 0.2 ms
2026-07-25 13:46:29,906 | POST /login -> 200 in 207.4 ms
2026-07-25 13:46:29,908 | POST /api/reset-password -> 403 in 1.4 ms
2026-07-25 13:46:30,360 | POST /login -> 200 in 196.3 ms
2026-07-25 13:46:30,552 | POST /api/reset-password -> 200 in 190.9 ms
2026-07-25 13:46:30,743 | POST /login -> 401 in 190.2 ms
2026-07-25 13:46:30,781 | GET / -> 200 in 0.1 ms
2026-07-25 13:46:31,211 | POST /login -> 200 in 188.7 ms
2026-07-25 13:46:31,212 | GET /api/fraud/abc -> 404 in 0.3 ms
2026-07-25 13:46:31,649 | POST /login -> 200 in 192.7 ms
2026-07-25 13:46:31,730 | POST /api/transactions -> 201 in 79.2 ms
2026-07-25 13:46:32,177 | POST /login -> 200 in 188.2 ms
2026-07-25 13:46:32,179 | POST /api/transactions -> 400 in 0.4 ms
2026-07-25 13:46:32,611 | POST /login -> 200 in 196.1 ms
2026-07-25 13:46:32,613 | POST /api/transactions -> 400 in 0.4 ms
2026-07-25 13:46:33,141 | POST /login -> 200 in 261.4 ms
2026-07-25 13:46:33,143 | POST /api/transactions -> 400 in 0.5 ms
2026-07-25 13:46:33,651 | POST /login -> 200 in 218.3 ms
2026-07-25 13:46:33,730 | POST /api/transactions -> 201 in 78.1 ms
2026-07-25 13:46:34,205 | POST /login -> 200 in 202.8 ms
2026-07-25 13:46:34,210 | GET /api/transactions/999999 -> 404 in 2.5 ms
2026-07-25 13:46:34,696 | POST /login -> 200 in 216.3 ms
2026-07-25 13:46:34,702 | GET /api/transactions -> 200 in 5.2 ms
2026-07-25 13:46:35,172 | POST /login -> 200 in 201.9 ms
2026-07-25 13:46:35,180 | GET /api/transactions -> 200 in 5.1 ms
2026-07-25 13:55:49,049 | POST /login -> 200 in 191.1 ms
2026-07-25 13:55:49,534 | POST /login -> 401 in 191.6 ms
2026-07-25 13:55:50,074 | POST /login -> 401 in 40.4 ms
2026-07-25 13:55:50,114 | POST /login -> 400 in 0.2 ms
2026-07-25 13:55:50,156 | POST /login -> 400 in 0.6 ms
2026-07-25 13:55:50,594 | POST /login -> 403 in 183.5 ms
2026-07-25 13:55:50,632 | GET /api/transactions -> 401 in 0.4 ms
2026-07-25 13:55:50,670 | GET /api/transactions -> 422 in 0.4 ms
2026-07-25 13:55:51,099 | POST /login -> 200 in 186.1 ms
2026-07-25 13:55:51,107 | GET /api/transactions -> 200 in 7.6 ms
2026-07-25 13:55:51,533 | POST /login -> 200 in 185.6 ms
2026-07-25 13:55:51,953 | POST /login -> 200 in 184.2 ms
2026-07-25 13:55:51,959 | PUT /api/fraud/1/valider -> 200 in 4.9 ms
2026-07-25 13:55:51,961 | GET /api/transactions/1 -> 200 in 1.0 ms
2026-07-25 13:55:52,380 | POST /login -> 200 in 183.8 ms
2026-07-25 13:55:52,386 | PUT /api/fraud/1/rejeter -> 200 in 4.8 ms
2026-07-25 13:55:52,388 | GET /api/transactions/1 -> 200 in 1.1 ms
2026-07-25 13:55:52,810 | POST /login -> 200 in 184.3 ms
2026-07-25 13:55:52,813 | PUT /api/fraud/1/bloquer -> 400 in 2.0 ms
2026-07-25 13:55:53,234 | POST /login -> 200 in 182.8 ms
2026-07-25 13:55:53,240 | PUT /api/fraud/1/valider -> 200 in 5.3 ms
2026-07-25 13:55:53,246 | PUT /api/fraud/1/bloquer -> 200 in 4.8 ms
2026-07-25 13:55:53,669 | POST /login -> 200 in 187.9 ms
2026-07-25 13:55:53,672 | PUT /api/fraud/1/reclassifier -> 400 in 1.7 ms
2026-07-25 13:55:54,088 | POST /login -> 200 in 185.2 ms
2026-07-25 13:55:54,094 | PUT /api/fraud/1/rejeter -> 200 in 4.6 ms
2026-07-25 13:55:54,097 | PUT /api/fraud/1/reclassifier -> 200 in 3.0 ms
2026-07-25 13:55:54,099 | GET /api/fraud/1 -> 200 in 1.0 ms
2026-07-25 13:55:54,519 | POST /login -> 200 in 186.9 ms
2026-07-25 13:55:54,522 | GET /api/fraud/999999 -> 404 in 1.8 ms
2026-07-25 13:55:54,942 | POST /login -> 200 in 184.6 ms
2026-07-25 13:55:54,948 | PUT /api/fraud/1/rejeter -> 200 in 4.3 ms
2026-07-25 13:55:54,950 | GET /api/fraud/pending -> 200 in 1.8 ms
2026-07-25 13:55:55,313 | POST /login -> 401 in 1.8 ms
2026-07-25 13:55:55,557 | POST /api/reset-password -> 401 in 0.2 ms
2026-07-25 13:55:56,164 | POST /login -> 200 in 183.0 ms
2026-07-25 13:55:56,166 | POST /api/reset-password -> 403 in 1.2 ms
2026-07-25 13:55:56,677 | POST /login -> 200 in 192.4 ms
2026-07-25 13:55:56,865 | POST /api/reset-password -> 200 in 187.0 ms
2026-07-25 13:55:57,056 | POST /login -> 401 in 190.2 ms
2026-07-25 13:55:57,095 | GET / -> 200 in 0.1 ms
2026-07-25 13:55:57,515 | POST /login -> 200 in 184.9 ms
2026-07-25 13:55:57,517 | GET /api/fraud/abc -> 404 in 0.3 ms
2026-07-25 13:55:57,936 | POST /login -> 200 in 184.7 ms
2026-07-25 13:55:58,018 | POST /api/transactions -> 201 in 80.5 ms
2026-07-25 13:55:58,459 | POST /login -> 200 in 184.9 ms
2026-07-25 13:55:58,461 | POST /api/transactions -> 400 in 0.5 ms
2026-07-25 13:55:58,879 | POST /login -> 200 in 185.3 ms
2026-07-25 13:55:58,880 | POST /api/transactions -> 400 in 0.4 ms
2026-07-25 13:55:59,298 | POST /login -> 200 in 182.5 ms
2026-07-25 13:55:59,299 | POST /api/transactions -> 400 in 0.4 ms
2026-07-25 13:55:59,720 | POST /login -> 200 in 184.7 ms
2026-07-25 13:55:59,789 | POST /api/transactions -> 201 in 67.7 ms
2026-07-25 13:56:00,224 | POST /login -> 200 in 183.3 ms
2026-07-25 13:56:00,227 | GET /api/transactions/999999 -> 404 in 1.7 ms
2026-07-25 13:56:00,645 | POST /login -> 200 in 186.8 ms
2026-07-25 13:56:00,652 | GET /api/transactions -> 200 in 6.0 ms
2026-07-25 13:56:01,069 | POST /login -> 200 in 186.1 ms
2026-07-25 13:56:01,074 | GET /api/transactions -> 200 in 4.7 ms
2026-07-25 13:58:37,895 | POST /login -> 200 in 188.1 ms
2026-07-25 13:58:38,340 | POST /login -> 401 in 185.4 ms
2026-07-25 13:58:38,573 | POST /login -> 401 in 2.0 ms
2026-07-25 13:58:38,614 | POST /login -> 400 in 0.2 ms
2026-07-25 13:58:38,655 | POST /login -> 400 in 0.6 ms
2026-07-25 13:58:39,078 | POST /login -> 403 in 184.6 ms
2026-07-25 13:58:39,118 | GET /api/transactions -> 401 in 0.3 ms
2026-07-25 13:58:39,151 | GET /api/transactions -> 422 in 0.4 ms
2026-07-25 13:58:39,576 | POST /login -> 200 in 182.5 ms
2026-07-25 13:58:39,584 | GET /api/transactions -> 200 in 7.6 ms
2026-07-25 13:58:40,121 | POST /login -> 200 in 197.2 ms
2026-07-25 13:58:40,610 | POST /login -> 200 in 247.9 ms
2026-07-25 13:58:40,622 | PUT /api/fraud/1/valider -> 200 in 7.7 ms
2026-07-25 13:58:40,628 | GET /api/transactions/1 -> 200 in 1.7 ms
2026-07-25 13:58:41,055 | POST /login -> 200 in 185.6 ms
2026-07-25 13:58:41,062 | PUT /api/fraud/1/rejeter -> 200 in 5.8 ms
2026-07-25 13:58:41,064 | GET /api/transactions/1 -> 200 in 1.0 ms
2026-07-25 13:58:41,498 | POST /login -> 200 in 183.1 ms
2026-07-25 13:58:41,501 | PUT /api/fraud/1/bloquer -> 400 in 1.9 ms
2026-07-25 13:58:41,947 | POST /login -> 200 in 183.4 ms
2026-07-25 13:58:41,953 | PUT /api/fraud/1/valider -> 200 in 5.3 ms
2026-07-25 13:58:41,959 | PUT /api/fraud/1/bloquer -> 200 in 4.6 ms
2026-07-25 13:58:42,380 | POST /login -> 200 in 183.6 ms
2026-07-25 13:58:42,383 | PUT /api/fraud/1/reclassifier -> 400 in 1.6 ms
2026-07-25 13:58:42,799 | POST /login -> 200 in 184.1 ms
2026-07-25 13:58:42,804 | PUT /api/fraud/1/rejeter -> 200 in 4.7 ms
2026-07-25 13:58:42,808 | PUT /api/fraud/1/reclassifier -> 200 in 3.0 ms
2026-07-25 13:58:42,810 | GET /api/fraud/1 -> 200 in 1.0 ms
2026-07-25 13:58:43,233 | POST /login -> 200 in 187.2 ms
2026-07-25 13:58:43,236 | GET /api/fraud/999999 -> 404 in 1.6 ms
2026-07-25 13:58:43,649 | POST /login -> 200 in 180.1 ms
2026-07-25 13:58:43,655 | PUT /api/fraud/1/rejeter -> 200 in 4.4 ms
2026-07-25 13:58:43,658 | GET /api/fraud/pending -> 200 in 2.1 ms
2026-07-25 13:58:44,027 | POST /login -> 401 in 2.0 ms
2026-07-25 13:58:44,290 | POST /api/reset-password -> 401 in 0.5 ms
2026-07-25 13:58:44,931 | POST /login -> 200 in 187.1 ms
2026-07-25 13:58:44,933 | POST /api/reset-password -> 403 in 1.3 ms
2026-07-25 13:58:45,367 | POST /login -> 200 in 185.6 ms
2026-07-25 13:58:45,549 | POST /api/reset-password -> 200 in 181.6 ms
2026-07-25 13:58:45,732 | POST /login -> 401 in 181.8 ms
2026-07-25 13:58:45,777 | GET / -> 200 in 0.1 ms
2026-07-25 13:58:46,203 | POST /login -> 200 in 191.4 ms
2026-07-25 13:58:46,204 | GET /api/fraud/abc -> 404 in 0.3 ms
2026-07-25 13:58:46,625 | POST /login -> 200 in 183.6 ms
2026-07-25 13:58:46,705 | POST /api/transactions -> 201 in 79.5 ms
2026-07-25 13:58:47,126 | POST /login -> 200 in 184.5 ms
2026-07-25 13:58:47,127 | POST /api/transactions -> 400 in 0.4 ms
2026-07-25 13:58:47,630 | POST /login -> 200 in 181.8 ms
2026-07-25 13:58:47,631 | POST /api/transactions -> 400 in 0.4 ms
2026-07-25 13:58:48,048 | POST /login -> 200 in 183.2 ms
2026-07-25 13:58:48,050 | POST /api/transactions -> 400 in 0.5 ms
2026-07-25 13:58:48,478 | POST /login -> 200 in 186.1 ms
2026-07-25 13:58:48,538 | POST /api/transactions -> 201 in 59.6 ms
2026-07-25 13:58:48,981 | POST /login -> 200 in 204.4 ms
2026-07-25 13:58:48,987 | GET /api/transactions/999999 -> 404 in 3.4 ms
2026-07-25 13:58:49,428 | POST /login -> 200 in 187.1 ms
2026-07-25 13:58:49,434 | GET /api/transactions -> 200 in 5.4 ms
2026-07-25 13:58:49,858 | POST /login -> 200 in 188.6 ms
2026-07-25 13:58:49,864 | GET /api/transactions -> 200 in 4.7 ms
