2026-07-21 13:24:04,772 | OPTIONS /login -> 200 in 0.2 ms
2026-07-21 13:24:05,149 | POST /login -> 200 in 145.5 ms
2026-07-21 13:24:05,370 | OPTIONS /api/dashboard -> 200 in 0.4 ms
2026-07-21 13:24:05,681 | OPTIONS /api/fraud/pending -> 200 in 1.3 ms
2026-07-21 13:24:06,062 | GET /api/dashboard -> 200 in 362.2 ms
2026-07-21 13:24:06,088 | GET /api/fraud/pending -> 200 in 61.4 ms
2026-07-21 13:24:13,245 | OPTIONS /api/clients -> 200 in 0.2 ms
2026-07-21 13:24:13,620 | GET /api/clients -> 200 in 118.4 ms
2026-07-21 13:24:38,360 | OPTIONS /api/transactions -> 200 in 0.3 ms
2026-07-21 13:24:38,747 | GET /api/transactions -> 200 in 61.4 ms
2026-07-21 13:24:47,382 | OPTIONS /api/fraud -> 200 in 0.5 ms
2026-07-21 13:24:47,723 | GET /api/fraud -> 200 in 26.1 ms
2026-07-21 13:24:48,724 | OPTIONS /api/comptes -> 200 in 0.2 ms
2026-07-21 13:24:49,085 | GET /api/comptes -> 200 in 60.6 ms
2026-07-21 13:25:08,468 | OPTIONS /api/clients -> 200 in 0.3 ms
2026-07-21 13:25:08,811 | GET /api/clients -> 200 in 8.8 ms
2026-07-21 13:32:46,250 | OPTIONS /api/clients -> 200 in 0.3 ms
2026-07-21 13:32:46,520 | GET /api/clients -> 200 in 9.8 ms
2026-07-21 13:32:58,242 | GET /api/clients -> 401 in 1.2 ms
2026-07-21 13:32:58,319 | GET /favicon.ico -> 404 in 1.5 ms
2026-07-21 13:33:01,970 | GET /api/clients -> 401 in 0.6 ms
2026-07-21 13:36:50,205 | OPTIONS /login -> 200 in 0.3 ms
2026-07-21 13:36:50,628 | POST /login -> 200 in 161.8 ms
2026-07-21 13:36:50,777 | OPTIONS /api/dashboard -> 200 in 0.4 ms
2026-07-21 13:36:51,084 | OPTIONS /api/fraud/pending -> 200 in 0.3 ms
2026-07-21 13:36:51,108 | GET /api/dashboard -> 200 in 17.2 ms
2026-07-21 13:36:51,411 | GET /api/fraud/pending -> 200 in 8.9 ms
2026-07-21 13:36:52,908 | OPTIONS /api/clients -> 200 in 0.1 ms
2026-07-21 13:36:53,179 | GET /api/clients -> 200 in 7.1 ms
2026-07-21 13:36:54,568 | OPTIONS /api/comptes -> 200 in 0.2 ms
2026-07-21 13:36:54,934 | GET /api/comptes -> 200 in 6.8 ms
2026-07-21 13:36:55,483 | OPTIONS /api/transactions -> 200 in 0.2 ms
2026-07-21 13:36:55,857 | GET /api/transactions -> 200 in 15.4 ms
2026-07-21 13:36:56,506 | OPTIONS /api/fraud -> 200 in 0.3 ms
2026-07-21 13:36:56,860 | GET /api/fraud -> 200 in 17.9 ms
2026-07-21 13:38:25,794 | OPTIONS /api/comptes -> 200 in 0.3 ms
2026-07-21 13:38:26,062 | GET /api/comptes -> 200 in 6.4 ms
2026-07-21 13:38:26,276 | OPTIONS /api/clients -> 200 in 0.2 ms
2026-07-21 13:38:26,598 | GET /api/clients -> 200 in 8.3 ms
2026-07-21 18:18:44,816 | OPTIONS /login -> 200 in 0.4 ms
2026-07-21 18:18:45,210 | POST /login -> 200 in 146.9 ms
2026-07-21 18:18:45,304 | OPTIONS /api/dashboard -> 200 in 1.3 ms
2026-07-21 18:18:45,610 | OPTIONS /api/fraud/pending -> 200 in 1.3 ms
2026-07-21 18:18:45,883 | GET /api/dashboard -> 200 in 256.7 ms
2026-07-21 18:18:45,939 | GET /api/fraud/pending -> 200 in 15.1 ms
2026-07-21 18:18:48,340 | OPTIONS /api/clients -> 200 in 0.4 ms
2026-07-21 18:18:48,634 | GET /api/clients -> 200 in 31.2 ms
2026-07-21 18:18:54,790 | OPTIONS /api/comptes -> 200 in 0.3 ms
2026-07-21 18:18:55,149 | GET /api/comptes -> 200 in 30.2 ms
2026-07-21 18:18:56,590 | OPTIONS /api/transactions -> 200 in 0.2 ms
2026-07-21 18:18:56,945 | GET /api/transactions -> 200 in 38.6 ms
2026-07-21 18:18:57,926 | OPTIONS /api/fraud -> 200 in 0.4 ms
2026-07-21 18:18:58,294 | GET /api/fraud -> 200 in 23.6 ms
